........
........
........
........
........
........
........
........

....##..
........
........
........
........
........
........
........

........
##......
........
........
........
........
........
........

........
........
......##
........
........
........
........
........

........
........
........
...##...
........
........
........
........

........
........
........
........
....##..
........
........
........

........
........
........
........
........
..##....
........
........

........
........
........
........
........
........
...##...
........

........
........
........
........
........
........
........
....##..

......##
........
........
........
........
........
........
....##..

......##
......##
........
........
........
........
........
....##..

........
.....##.
.....##.
........
........
........
........
....##..

........
........
....##..
....##..
........
........
........
....##..

........
........
........
....##..
....##..
........
........
....##..

........
........
........
........
....##..
....##..
........
....##..

........
........
........
........
........
.##.....
.##.....
....##..

........
........
........
........
........
........
..##....
..####..

....#...
........
........
........
........
........
..##....
..####..

...##...
....#...
........
........
........
........
..##....
..####..

........
...##...
....#...
........
........
........
..##....
..####..

........
........
..##....
...#....
........
........
..##....
..####..

........
........
........
..##....
...#....
........
..##....
..####..

........
........
........
........
##......
.#......
..##....
..####..

........
........
........
........
........
##......
.###....
..####..

........
........
........
........
........
........
####....
.#####..

.....#..
........
........
........
........
........
####....
.#####..

....##..
.....#..
........
........
........
........
####....
.#####..

........
....##..
.....#..
........
........
........
####....
.#####..

........
........
......##
.......#
........
........
####....
.#####..

........
........
........
......##
.......#
........
####....
.#####..

........
........
........
........
...##...
....#...
####....
.#####..

........
........
........
........
........
.....##.
####..#.
.#####..

........
........
........
........
........
........
####..##
.#####.#

...#....
........
........
........
........
........
####..##
.#####.#

##......
#.......
........
........
........
........
####..##
.#####.#

........
.##.....
.#......
........
........
........
####..##
.#####.#

........
........
...##...
...#....
........
........
####..##
.#####.#

........
........
........
....##..
....#...
........
####..##
.#####.#

........
........
........
........
.....##.
.....#..
####..##
.#####.#

........
........
........
........
........
.....##.
####.###
.#####.#

..#.....
........
........
........
........
.....##.
####.###
.#####.#

........
..#.....
........
........
........
.....##.
####.###
.#####.#

........
........
..#.....
........
........
.....##.
####.###
.#####.#

........
........
........
..#.....
........
.....##.
####.###
.#####.#

........
........
........
........
..#.....
.....##.
####.###
.#####.#

........
........
........
........
........
..#..##.
####.###
.#####.#

#.......
........
........
........
........
..#..##.
####.###
.#####.#

........
#.......
........
........
........
..#..##.
####.###
.#####.#

........
........
#.......
........
........
..#..##.
####.###
.#####.#

........
........
........
#.......
........
..#..##.
####.###
.#####.#

........
........
........
........
#.......
..#..##.
####.###
.#####.#

........
........
........
........
........
#.#..##.
####.###
.#####.#

....#...
........
........
........
........
#.#..##.
####.###
.#####.#

........
....#...
........
........
........
#.#..##.
####.###
.#####.#

........
........
....#...
........
........
#.#..##.
####.###
.#####.#

........
........
........
....#...
........
#.#..##.
####.###
.#####.#

........
........
........
........
....#...
#.#..##.
####.###
.#####.#

........
........
........
........
........
#.#.###.
####.###
.#####.#

........
........
........
........
........
#.#..##.
########
.#####.#

........
........
........
........
........
........
#.#..##.
.#####.#

.....#..
........
........
........
........
........
#.#..##.
.#####.#

........
......#.
........
........
........
........
#.#..##.
.#####.#

........
........
....#...
........
........
........
#.#..##.
.#####.#

........
........
........
.......#
........
........
#.#..##.
.#####.#

........
........
........
........
...#....
........
#.#..##.
.#####.#

........
........
........
........
........
....#...
#.#..##.
.#####.#

........
........
........
........
........
........
#.##.##.
.#####.#

#.......
........
........
........
........
........
#.##.##.
.#####.#

........
..#.....
........
........
........
........
#.##.##.
.#####.#

........
........
.#......
........
........
........
#.##.##.
.#####.#

........
........
........
...#....
........
........
#.##.##.
.#####.#

........
........
........
........
...#....
........
#.##.##.
.#####.#

........
........
........
........
........
.#......
#.##.##.
.#####.#

........
........
........
........
........
........
####.##.
.#####.#

...##...
........
........
........
........
........
####.##.
.#####.#

....##..
....##..
........
........
........
........
####.##.
.#####.#

........
....##..
....##..
........
........
........
####.##.
.#####.#

........
........
.....##.
.....##.
........
........
####.##.
.#####.#

........
........
........
..##....
..##....
........
####.##.
.#####.#

........
........
........
........
##......
##......
####.##.
.#####.#

...##...
........
........
........
##......
##......
####.##.
.#####.#

##......
##......
........
........
##......
##......
####.##.
.#####.#

........
.##.....
.##.....
........
##......
##......
####.##.
.#####.#

........
........
..##....
..##....
##......
##......
####.##.
.#####.#

........
........
........
..##....
####....
##......
####.##.
.#####.#

........
........
........
........
####....
####....
####.##.
.#####.#

.....#..
........
........
........
####....
####....
####.##.
.#####.#

....##..
.....#..
........
........
####....
####....
####.##.
.#####.#

........
....##..
.....#..
........
####....
####....
####.##.
.#####.#

........
........
...##...
....#...
####....
####....
####.##.
.#####.#

........
........
........
....##..
####.#..
####....
####.##.
.#####.#

........
........
........
........
####..##
####...#
####.##.
.#####.#

........
........
........
........
####....
####..##
####.###
.#####.#

...#....
........
........
........
####....
####..##
####.###
.#####.#

......##
......#.
........
........
####....
####..##
####.###
.#####.#

........
##......
#.......
........
####....
####..##
####.###
.#####.#

........
........
....##..
....#...
####....
####..##
####.###
.#####.#

........
........
........
....##..
#####...
####..##
####.###
.#####.#

........
........
........
........
######..
#####.##
####.###
.#####.#

........
........
........
........
####....
########
########
.#####.#

........
........
........
........
........
........
####....
.#####.#

.......#
........
........
........
........
........
####....
.#####.#

.....##.
......#.
........
........
........
........
####....
.#####.#

........
.....##.
......#.
........
........
........
####....
.#####.#

........
........
....##..
.....#..
........
........
####....
.#####.#

........
........
........
......##
.......#
........
####....
.#####.#

........
........
........
........
....##..
.....#..
####....
.#####.#

........
........
........
........
........
....##..
####.#..
.#####.#

....##..
........
........
........
........
....##..
####.#..
.#####.#

.....##.
.....##.
........
........
........
....##..
####.#..
.#####.#

........
..##....
..##....
........
........
....##..
####.#..
.#####.#

........
........
...##...
...##...
........
....##..
####.#..
.#####.#

........
........
........
..##....
..##....
....##..
####.#..
.#####.#

........
........
........
........
..##....
..####..
####.#..
.#####.#

...##...
........
........
........
..##....
..####..
####.#..
.#####.#

...##...
...##...
........
........
..##....
..####..
####.#..
.#####.#

........
......##
......##
........
..##....
..####..
####.#..
.#####.#

........
........
......##
......##
..##....
..####..
####.#..
.#####.#

........
........
........
......##
..##..##
..####..
####.#..
.#####.#

........
........
........
........
..##..##
..######
####.#..
.#####.#

........
........
........
........
..##....
..######
####.###
.#####.#

.....#..
........
........
........
..##....
..######
####.###
.#####.#

....##..
....#...
........
........
..##....
..######
####.###
.#####.#

........
....##..
....#...
........
..##....
..######
####.###
.#####.#

........
........
.##.....
.#......
..##....
..######
####.###
.#####.#

........
........
........
##......
#.##....
..######
####.###
.#####.#

........
........
........
........
####....
#.######
####.###
.#####.#

.....##.
........
........
........
####....
#.######
####.###
.#####.#

........
.....##.
........
........
####....
#.######
####.###
.#####.#

........
........
.....##.
........
####....
#.######
####.###
.#####.#

........
........
........
.....##.
####....
#.######
####.###
.#####.#

........
........
........
........
####.##.
#.######
####.###
.#####.#

..##....
........
........
........
####.##.
#.######
####.###
.#####.#

..##....
..##....
........
........
####.##.
#.######
####.###
.#####.#

........
.##.....
.##.....
........
####.##.
#.######
####.###
.#####.#

........
........
.##.....
.##.....
####.##.
#.######
####.###
.#####.#

#.......
........
.##.....
.##.....
####.##.
#.######
####.###
.#####.#

#.......
#.......
.##.....
.##.....
####.##.
#.######
####.###
.#####.#

........
#.......
###.....
.##.....
####.##.
#.######
####.###
.#####.#

........
........
###.....
###.....
####.##.
#.######
####.###
.#####.#

.......#
........
###.....
###.....
####.##.
#.######
####.###
.#####.#

.......#
.......#
###.....
###.....
####.##.
#.######
####.###
.#####.#

........
.......#
###....#
###.....
####.##.
#.######
####.###
.#####.#

........
........
###....#
###....#
####.##.
#.######
####.###
.#####.#

........
........
###.....
###....#
####.###
#.######
####.###
.#####.#

.......#
........
###.....
###....#
####.###
#.######
####.###
.#####.#

.......#
.......#
###.....
###....#
####.###
#.######
####.###
.#####.#

........
.......#
###....#
###....#
####.###
#.######
####.###
.#####.#

.......#
.......#
###....#
###....#
####.###
#.######
####.###
.#####.#

...##..#
.......#
###....#
###....#
####.###
#.######
####.###
.#####.#

...##..#
...##..#
###....#
###....#
####.###
#.######
####.###
.#####.#

.......#
.....###
###..###
###....#
####.###
#.######
####.###
.#####.#

.......#
.......#
###..###
###..###
####.###
#.######
####.###
.#####.#

...##..#
.......#
###..###
###..###
####.###
#.######
####.###
.#####.#

...##..#
...##..#
###..###
###..###
####.###
#.######
####.###
.#####.#

.......#
...##..#
########
###..###
####.###
#.######
####.###
.#####.#

.......#
.......#
########
########
####.###
#.######
####.###
.#####.#

........
........
.......#
.......#
####.###
#.######
####.###
.#####.#

.......#
........
.......#
.......#
####.###
#.######
####.###
.#####.#

.......#
.......#
.......#
.......#
####.###
#.######
####.###
.#####.#

....#..#
.......#
.......#
.......#
####.###
#.######
####.###
.#####.#

.......#
....#..#
.......#
.......#
####.###
#.######
####.###
.#####.#

.......#
.......#
....#..#
.......#
####.###
#.######
####.###
.#####.#

.......#
.......#
.......#
....#..#
####.###
#.######
####.###
.#####.#

.......#
.......#
.......#
.......#
########
#.######
####.###
.#####.#

........
.......#
.......#
.......#
.......#
#.######
####.###
.#####.#

....##..
.......#
.......#
.......#
.......#
#.######
####.###
.#####.#

....##..
....##.#
.......#
.......#
.......#
#.######
####.###
.#####.#

........
...##..#
...##..#
.......#
.......#
#.######
####.###
.#####.#

........
.......#
..##...#
..##...#
.......#
#.######
####.###
.#####.#

........
.......#
.......#
..##...#
..##...#
#.######
####.###
.#####.#

.....#..
.......#
.......#
..##...#
..##...#
#.######
####.###
.#####.#

....##..
.....#.#
.......#
..##...#
..##...#
#.######
####.###
.#####.#

........
....##.#
.....#.#
..##...#
..##...#
#.######
####.###
.#####.#

........
.......#
.....###
..##..##
..##...#
#.######
####.###
.#####.#

........
.......#
.......#
..##.###
..##..##
#.######
####.###
.#####.#

...#....
.......#
.......#
..##.###
..##..##
#.######
####.###
.#####.#

##......
#......#
.......#
..##.###
..##..##
#.######
####.###
.#####.#

........
.##....#
.#.....#
..##.###
..##..##
#.######
####.###
.#####.#

........
.......#
.##....#
.###.###
..##..##
#.######
####.###
.#####.#

....#...
.......#
.##....#
.###.###
..##..##
#.######
####.###
.#####.#

....##..
....#..#
.##....#
.###.###
..##..##
#.######
####.###
.#####.#

........
....##.#
.##.#..#
.###.###
..##..##
#.######
####.###
.#####.#

........
.......#
.##.##.#
.#######
..##..##
#.######
####.###
.#####.#

...##...
.......#
.##.##.#
.#######
..##..##
#.######
####.###
.#####.#

........
...##..#
.##.##.#
.#######
..##..##
#.######
####.###
.#####.#

...##...
...##..#
.##.##.#
.#######
..##..##
#.######
####.###
.#####.#

...##...
...##..#
.##.##.#
.#######
..##..##
#.######
####.###
.#####.#

GAME OVER!
Score:8.61
